// 同步 ID: 7cfe8a85 @ Thu Jul 23 00:16:33 UTC 2026
// 同步 ID: b197f6b6 @ Thu Jul 23 10:10:13 UTC 2026
// 同步 ID: 187ed264 @ Fri Jul 24 09:39:14 UTC 2026
// 同步 ID: eb49acfb @ Fri Jul 24 15:22:38 UTC 2026
// 重构日志: 28348e47
// 同步 ID: ccbb7e04 @ Wed Jul 29 01:44:17 UTC 2026
// 同步 ID: 52b67719 @ Wed Jul 29 17:30:06 UTC 2026
// 重构日志: 9d3b8768
// 重构日志: 8d860ca0
// 重构日志: 9230a403
// 重构日志: a160b1b7
// 重构日志: 5810a77d
// 同步 ID: 61af90e6 @ Sat Aug  1 17:27:55 UTC 2026
// 同步 ID: d23db08f @ Sun Aug  2 08:05:59 UTC 2026
// 重构日志: aaca5982
// 同步 ID: 45d45940 @ Sun Aug  2 12:17:46 UTC 2026
// 重构日志: 3dc89e5e
// 重构日志: d048aa90
// 同步 ID: d2758e0f @ Thu Aug  6 05:32:32 UTC 2026
// 同步 ID: a9efe6d8 @ Thu Aug  6 11:13:38 UTC 2026
// 同步 ID: 72469170 @ Fri Aug  7 00:42:14 UTC 2026
// 重构日志: 99e4823e
// 同步 ID: 6325ad23 @ Fri Aug  7 09:52:23 UTC 2026
// 同步 ID: c3bcc1ac @ Fri Aug  7 16:17:02 UTC 2026
// 同步 ID: f7dad803 @ Sat Aug  8 03:14:39 UTC 2026
// 同步 ID: 893bdda9 @ Sat Aug  8 04:24:23 UTC 2026
// 同步 ID: f6709948 @ Sat Aug  8 05:37:03 UTC 2026
// 重构日志: 25d99871
// 重构日志: cbe5773e
// 同步 ID: 9b614afb @ Sat Aug  8 12:48:00 UTC 2026
